#-----------------------------------------------------------
# Vivado v2025.2 (64-bit)
# SW Build 6299465 on Fri Nov 14 19:35:11 GMT 2025
# IP Build 6300035 on Fri Nov 14 10:48:45 MST 2025
# SharedData Build 6298862 on Thu Nov 13 04:50:51 MST 2025
# Start of session at: Thu May 14 12:18:10 2026
# Process ID         : 13844
# Current directory  : C:/FPGA/timer_count_down/timer_count_down.runs/impl_1
# Command line       : vivado.exe -log full_mod.vdi -applog -product Vivado -messageDb vivado.pb -mode batch -source full_mod.tcl -notrace
# Log file           : C:/FPGA/timer_count_down/timer_count_down.runs/impl_1/full_mod.vdi
# Journal file       : C:/FPGA/timer_count_down/timer_count_down.runs/impl_1\vivado.jou
# Running On         : DESKTOP-TKP5PBD
# Platform           : Windows Server 2016 or Windows 10
# Operating System   : 26200
# Processor Detail   : Intel(R) N200
# CPU Frequency      : 998 MHz
# CPU Physical cores : 4
# CPU Logical cores  : 4
# Host memory        : 16935 MB
# Swap memory        : 1073 MB
# Total Virtual      : 18008 MB
# Available Virtual  : 7142 MB
#-----------------------------------------------------------
source full_mod.tcl -notrace
